// Jest Snapshot v1, https://goo.gl/fbAQLP

exports[` 1`] = `undefined`;

exports[` 2`] = `
<button
  className="button"
  onClick={
    [MockFunction] {
      "calls": [
        [],
      ],
      "results": [
        {
          "type": "return",
          "value": undefined,
        },
      ],
    }
  }
>
  <span
    className="icon"
  >
    <CartIcon />
  </span>
  <span
    className="name"
  >
    Your Cart
  </span>
  <span
    className="badge"
  >
    0
  </span>
</button>
`;
