// Jest Snapshot v1, https://goo.gl/fbAQLP

exports[`Food Order app testing renders a snapshot 1`] = `
<Header
  onShowCart={[Function]}
>
  <header
    className="header"
  >
    <h1>
      Meals
    </h1>
    <MockedHeaderCartButton
      onClick={[Function]}
    />
  </header>
  <div
    className="main-image"
  >
    <img
      alt="A table full of delicious food!"
      src=""
    />
  </div>
</Header>
`;
