// Jest Snapshot v1, https://goo.gl/fbAQLP

exports[`Food Order app testing render the childrens of the props 1`] = `
<Card
  item={
    Array [
      Object {
        "description": "Whole wheat flour, potatoes,garam masala",
        "id": "m1",
        "name": "Aloo Kulcha",
        "price": 22.99,
      },
      Object {
        "description": "Matar, basmati rice, cabbage, soy sauce, beans",
        "id": "m2",
        "name": "Veg Fried Rice",
        "price": 16.5,
      },
      Object {
        "description": "American, raw, meaty",
        "id": "m3",
        "name": "Barbecue Burger",
        "price": 12.99,
      },
      Object {
        "description": "Sizzler, skinless chicken breasts, cherry tomatoes",
        "id": "m4",
        "name": "Chicken Sizzler",
        "price": 18.99,
      },
    ]
  }
>
  <div
    className="card"
  />
</Card>
`;

exports[`the card data is correct 1`] = `[Function]`;
